---
source: erato/tests/integration_test_file_processor_snapshots.rs
expression: extracted
---
**Subject**: Re: Another doc you have to check

**From**: "Daniel Person" \<daniel@eratolabs.com\>

**To**: "Max Token" \<testuser@maxgoisser.onmicrosoft.com\>

**Date**: Sun, 19 Apr 2026 15:40:17 +0200

Hi Max,

I am referring to the PDF draft I attached to my previous email. I was hoping you could review the content and confirm if you are comfortable with it.

Please let me know if you have any specific questions or if you cannot see the attachment.

Best regards, Daniel
