---
source: erato/tests/integration_test_file_processor_snapshots.rs
expression: extracted
---
**Subject**: Please review attached draft

**From**: "Daniel Person" \<daniel@eratolabs.com\>

**To**: testuser@maxgoisser.onmicrosoft.com

**Date**: Fri, 20 Mar 2026 13:28:03 +0100

Hi Max, could you please take a quick look at the attached draft document and let me know whether it looks fine from your side. Thanks Daniel
